// Jest Snapshot v1, https://goo.gl/fbAQLP

exports[`AccountInfoContainer should render correctly 1`] = `
<View
  animatedStyle={
    {
      "value": {},
    }
  }
  collapsable={false}
  layout={[Function]}
  style={
    {
      "flex": 1,
      "gap": 24,
      "paddingLeft": 18,
      "paddingRight": 18,
      "paddingTop": 24,
    }
  }
  testID="account-info-container"
>
  <Text>
    Test
  </Text>
</View>
`;
