// Jest Snapshot v1, https://goo.gl/fbAQLP

exports[`Title should render correctly 1`] = `
<Text
  style={
    {
      "fontSize": 36,
      "fontWeight": "700",
    }
  }
>
  Test
</Text>
`;
